Microsoft Windows [Versión 10.0.17763.292]
(c) 2018 Microsoft Corporation. Todos los derechos reservados.

C:\Users\Usuario>mysqlsh
MySQL Shell 8.0.17

Copyright (c) 2016, 2019, Oracle and/or its affiliates. All rights reserved.
Oracle is a registered trademark of Oracle Corporation and/or its affiliates.
Other names may be trademarks of their respective owners.

Type '\help' or '\?' for help; '\quit' to exit.
 MySQL  JS > \sql
Switching to SQL mode... Commands end with ;
 MySQL  SQL > \connect --mc root@localhost
Creating a Classic session to 'root@localhost'
Please provide the password for 'root@localhost': ******************
Save password for 'root@localhost'? [Y]es/[N]o/Ne[v]er (default No): n
Fetching schema names for autocompletion... Press ^C to stop.
Your MySQL connection id is 8
Server version: 8.0.17 MySQL Community Server - GPL
No default schema selected; type \use <schema> to set one.
 MySQL  localhost:3306 ssl  SQL > show databases;
+--------------------+
| Database           |
+--------------------+
| copia_eva_1        |
| datoscoches        |
| eva_1              |
| information_schema |
| mysql              |
| performance_schema |
| prueba             |
| sys                |
+--------------------+
8 rows in set (0.0014 sec)
 MySQL  localhost:3306 ssl  SQL > use eva_1
Default schema set to `eva_1`.
Fetching table and column names from `eva_1` for auto-completion... Press ^C to stop.
 MySQL  localhost:3306 ssl  eva_1  SQL > show tables;
+--------------------+
| Tables_in_eva_1    |
+--------------------+
| alumnos            |
| carreras           |
| country            |
| materias           |
| materias2          |
| paises             |
| prueba             |
| prueba_copia       |
| prueba_copia_datos |
| subjects           |
+--------------------+
10 rows in set (0.0036 sec)
 MySQL  localhost:3306 ssl  eva_1  SQL > show create table alumnos;
+---------+---------------------------------------------------------------------------------------------------------------------------------------------------------------------------------------------------------------------------------+
| Table   | Create Table                                                                                                                                                                                                                    |
+---------+---------------------------------------------------------------------------------------------------------------------------------------------------------------------------------------------------------------------------------+
| alumnos | CREATE TABLE `alumnos` (
  `no_control` int(11) NOT NULL AUTO_INCREMENT,
  `nombre` varchar(50) DEFAULT NULL,
  PRIMARY KEY (`no_control`)
) ENGINE=InnoDB AUTO_INCREMENT=10 DEFAULT CHARSET=utf8mb4 COLLATE=utf8mb4_0900_ai_ci |
+---------+---------------------------------------------------------------------------------------------------------------------------------------------------------------------------------------------------------------------------------+
1 row in set (0.0728 sec)
 MySQL  localhost:3306 ssl  eva_1  SQL > alter table alumnos
                                      -> add apellidos varchar(50);
Query OK, 0 rows affected (0.6148 sec)

Records: 0  Duplicates: 0  Warnings: 0
 MySQL  localhost:3306 ssl  eva_1  SQL > show create table alumnos;
+---------+-------------------------------------------------------------------------------------------------------------------------------------------------------------------------------------------------------------------------------------------------------------------------+
| Table   | Create Table                                                                                                                                                                                                                                                            |
+---------+-------------------------------------------------------------------------------------------------------------------------------------------------------------------------------------------------------------------------------------------------------------------------+
| alumnos | CREATE TABLE `alumnos` (
  `no_control` int(11) NOT NULL AUTO_INCREMENT,
  `nombre` varchar(50) DEFAULT NULL,
  `apellidos` varchar(50) DEFAULT NULL,
  PRIMARY KEY (`no_control`)
) ENGINE=InnoDB AUTO_INCREMENT=10 DEFAULT CHARSET=utf8mb4 COLLATE=utf8mb4_0900_ai_ci |
+---------+-------------------------------------------------------------------------------------------------------------------------------------------------------------------------------------------------------------------------------------------------------------------------+
1 row in set (0.0008 sec)
 MySQL  localhost:3306 ssl  eva_1  SQL > alter table alumnos
                                      -> modify nombre varchar(50) not null;
Query OK, 0 rows affected (1.5281 sec)

Records: 0  Duplicates: 0  Warnings: 0
 MySQL  localhost:3306 ssl  eva_1  SQL > show create table alumnos;
+---------+---------------------------------------------------------------------------------------------------------------------------------------------------------------------------------------------------------------------------------------------------------------------+
| Table   | Create Table                                                                                                                                                                                                                                                        |
+---------+---------------------------------------------------------------------------------------------------------------------------------------------------------------------------------------------------------------------------------------------------------------------+
| alumnos | CREATE TABLE `alumnos` (
  `no_control` int(11) NOT NULL AUTO_INCREMENT,
  `nombre` varchar(50) NOT NULL,
  `apellidos` varchar(50) DEFAULT NULL,
  PRIMARY KEY (`no_control`)
) ENGINE=InnoDB AUTO_INCREMENT=10 DEFAULT CHARSET=utf8mb4 COLLATE=utf8mb4_0900_ai_ci |
+---------+---------------------------------------------------------------------------------------------------------------------------------------------------------------------------------------------------------------------------------------------------------------------+
1 row in set (0.0015 sec)
 MySQL  localhost:3306 ssl  eva_1  SQL > alter table alumnos add fecha_nac date not null;
Query OK, 0 rows affected (1.3958 sec)

Records: 0  Duplicates: 0  Warnings: 0
 MySQL  localhost:3306 ssl  eva_1  SQL > show create table alumnos;
+---------+--------------------------------------------------------------------------------------------------------------------------------------------------------------------------------------------------------------------------------------------------------------------------------------------------+
| Table   | Create Table                                                                                                                                                                                                                                                                                     |
+---------+--------------------------------------------------------------------------------------------------------------------------------------------------------------------------------------------------------------------------------------------------------------------------------------------------+
| alumnos | CREATE TABLE `alumnos` (
  `no_control` int(11) NOT NULL AUTO_INCREMENT,
  `nombre` varchar(50) NOT NULL,
  `apellidos` varchar(50) DEFAULT NULL,
  `fecha_nac` date NOT NULL,
  PRIMARY KEY (`no_control`)
) ENGINE=InnoDB AUTO_INCREMENT=10 DEFAULT CHARSET=utf8mb4 COLLATE=utf8mb4_0900_ai_ci |
+---------+--------------------------------------------------------------------------------------------------------------------------------------------------------------------------------------------------------------------------------------------------------------------------------------------------+
1 row in set (0.0015 sec)
 MySQL  localhost:3306 ssl  eva_1  SQL > alter table alumnos add RFC varchar(13) not null after apellidos;
Query OK, 0 rows affected (1.7794 sec)

Records: 0  Duplicates: 0  Warnings: 0
 MySQL  localhost:3306 ssl  eva_1  SQL > show create table alumnos;
+---------+--------------------------------------------------------------------------------------------------------------------------------------------------------------------------------------------------------------------------------------------------------------------------------------------------------------------------------+
| Table   | Create Table                                                                                                                                                                                                                                                                                                                   |
+---------+--------------------------------------------------------------------------------------------------------------------------------------------------------------------------------------------------------------------------------------------------------------------------------------------------------------------------------+
| alumnos | CREATE TABLE `alumnos` (
  `no_control` int(11) NOT NULL AUTO_INCREMENT,
  `nombre` varchar(50) NOT NULL,
  `apellidos` varchar(50) DEFAULT NULL,
  `RFC` varchar(13) NOT NULL,
  `fecha_nac` date NOT NULL,
  PRIMARY KEY (`no_control`)
) ENGINE=InnoDB AUTO_INCREMENT=10 DEFAULT CHARSET=utf8mb4 COLLATE=utf8mb4_0900_ai_ci |
+---------+--------------------------------------------------------------------------------------------------------------------------------------------------------------------------------------------------------------------------------------------------------------------------------------------------------------------------------+
1 row in set (0.0015 sec)
 MySQL  localhost:3306 ssl  eva_1  SQL > alter table alumnos
                                      -> change column nombre to nombres;
ERROR: 1064 (42000): You have an error in your SQL syntax; check the manual that corresponds to your MySQL server version for the right syntax to use near 'to nombres' at line 2
 MySQL  localhost:3306 ssl  eva_1  SQL > alter table alumnos rename column nombre to nombres;
Query OK, 0 rows affected (0.2559 sec)

Records: 0  Duplicates: 0  Warnings: 0
 MySQL  localhost:3306 ssl  eva_1  SQL > show create table alumnos;
+---------+---------------------------------------------------------------------------------------------------------------------------------------------------------------------------------------------------------------------------------------------------------------------------------------------------------------------------------+
| Table   | Create Table                                                                                                                                                                                                                                                                                                                    |
+---------+---------------------------------------------------------------------------------------------------------------------------------------------------------------------------------------------------------------------------------------------------------------------------------------------------------------------------------+
| alumnos | CREATE TABLE `alumnos` (
  `no_control` int(11) NOT NULL AUTO_INCREMENT,
  `nombres` varchar(50) NOT NULL,
  `apellidos` varchar(50) DEFAULT NULL,
  `RFC` varchar(13) NOT NULL,
  `fecha_nac` date NOT NULL,
  PRIMARY KEY (`no_control`)
) ENGINE=InnoDB AUTO_INCREMENT=10 DEFAULT CHARSET=utf8mb4 COLLATE=utf8mb4_0900_ai_ci |
+---------+---------------------------------------------------------------------------------------------------------------------------------------------------------------------------------------------------------------------------------------------------------------------------------------------------------------------------------+
1 row in set (0.0015 sec)
 MySQL  localhost:3306 ssl  eva_1  SQL > alter table alumnos rename column apellidos to apellido_pat;
Query OK, 0 rows affected (0.2546 sec)

Records: 0  Duplicates: 0  Warnings: 0
 MySQL  localhost:3306 ssl  eva_1  SQL > show create table alumnos;
+---------+------------------------------------------------------------------------------------------------------------------------------------------------------------------------------------------------------------------------------------------------------------------------------------------------------------------------------------+
| Table   | Create Table                                                                                                                                                                                                                                                                                                                       |
+---------+------------------------------------------------------------------------------------------------------------------------------------------------------------------------------------------------------------------------------------------------------------------------------------------------------------------------------------+
| alumnos | CREATE TABLE `alumnos` (
  `no_control` int(11) NOT NULL AUTO_INCREMENT,
  `nombres` varchar(50) NOT NULL,
  `apellido_pat` varchar(50) DEFAULT NULL,
  `RFC` varchar(13) NOT NULL,
  `fecha_nac` date NOT NULL,
  PRIMARY KEY (`no_control`)
) ENGINE=InnoDB AUTO_INCREMENT=10 DEFAULT CHARSET=utf8mb4 COLLATE=utf8mb4_0900_ai_ci |
+---------+------------------------------------------------------------------------------------------------------------------------------------------------------------------------------------------------------------------------------------------------------------------------------------------------------------------------------------+
1 row in set (0.0015 sec)
 MySQL  localhost:3306 ssl  eva_1  SQL > alter table alumnos add apellido_mat varchar(13) after apellido_pat;
Query OK, 0 rows affected (1.3588 sec)

Records: 0  Duplicates: 0  Warnings: 0
 MySQL  localhost:3306 ssl  eva_1  SQL > show create table alumnos;
+---------+-------------------------------------------------------------------------------------------------------------------------------------------------------------------------------------------------------------------------------------------------------------------------------------------------------------------------------------------------------------------------------+
| Table   | Create Table                                                                                                                                                                                                                                                                                                                                                                  |
+---------+-------------------------------------------------------------------------------------------------------------------------------------------------------------------------------------------------------------------------------------------------------------------------------------------------------------------------------------------------------------------------------+
| alumnos | CREATE TABLE `alumnos` (
  `no_control` int(11) NOT NULL AUTO_INCREMENT,
  `nombres` varchar(50) NOT NULL,
  `apellido_pat` varchar(50) DEFAULT NULL,
  `apellido_mat` varchar(13) DEFAULT NULL,
  `RFC` varchar(13) NOT NULL,
  `fecha_nac` date NOT NULL,
  PRIMARY KEY (`no_control`)
) ENGINE=InnoDB AUTO_INCREMENT=10 DEFAULT CHARSET=utf8mb4 COLLATE=utf8mb4_0900_ai_ci |
+---------+-------------------------------------------------------------------------------------------------------------------------------------------------------------------------------------------------------------------------------------------------------------------------------------------------------------------------------------------------------------------------------+
1 row in set (0.0016 sec)
 MySQL  localhost:3306 ssl  eva_1  SQL > alter table alumnos modify apellido_mat varchar(50);
Query OK, 0 rows affected (0.2471 sec)

Records: 0  Duplicates: 0  Warnings: 0
 MySQL  localhost:3306 ssl  eva_1  SQL > show create table alumnos;
+---------+-------------------------------------------------------------------------------------------------------------------------------------------------------------------------------------------------------------------------------------------------------------------------------------------------------------------------------------------------------------------------------+
| Table   | Create Table                                                                                                                                                                                                                                                                                                                                                                  |
+---------+-------------------------------------------------------------------------------------------------------------------------------------------------------------------------------------------------------------------------------------------------------------------------------------------------------------------------------------------------------------------------------+
| alumnos | CREATE TABLE `alumnos` (
  `no_control` int(11) NOT NULL AUTO_INCREMENT,
  `nombres` varchar(50) NOT NULL,
  `apellido_pat` varchar(50) DEFAULT NULL,
  `apellido_mat` varchar(50) DEFAULT NULL,
  `RFC` varchar(13) NOT NULL,
  `fecha_nac` date NOT NULL,
  PRIMARY KEY (`no_control`)
) ENGINE=InnoDB AUTO_INCREMENT=10 DEFAULT CHARSET=utf8mb4 COLLATE=utf8mb4_0900_ai_ci |
+---------+-------------------------------------------------------------------------------------------------------------------------------------------------------------------------------------------------------------------------------------------------------------------------------------------------------------------------------------------------------------------------------+
1 row in set (0.0015 sec)
 MySQL  localhost:3306 ssl  eva_1  SQL > alter table alumnos modify apellido_mat varchar(50) not null;
ERROR: 1138 (22004): Invalid use of NULL value
 MySQL  localhost:3306 ssl  eva_1  SQL > alter table alumnos modify apellido_mat varchar(50) not null;
ERROR: 1138 (22004): Invalid use of NULL value
 MySQL  localhost:3306 ssl  eva_1  SQL > show create table alumnos;
+---------+-------------------------------------------------------------------------------------------------------------------------------------------------------------------------------------------------------------------------------------------------------------------------------------------------------------------------------------------------------------------------------+
| Table   | Create Table                                                                                                                                                                                                                                                                                                                                                                  |
+---------+-------------------------------------------------------------------------------------------------------------------------------------------------------------------------------------------------------------------------------------------------------------------------------------------------------------------------------------------------------------------------------+
| alumnos | CREATE TABLE `alumnos` (
  `no_control` int(11) NOT NULL AUTO_INCREMENT,
  `nombres` varchar(50) NOT NULL,
  `apellido_pat` varchar(50) DEFAULT NULL,
  `apellido_mat` varchar(50) DEFAULT NULL,
  `RFC` varchar(13) NOT NULL,
  `fecha_nac` date NOT NULL,
  PRIMARY KEY (`no_control`)
) ENGINE=InnoDB AUTO_INCREMENT=10 DEFAULT CHARSET=utf8mb4 COLLATE=utf8mb4_0900_ai_ci |
+---------+-------------------------------------------------------------------------------------------------------------------------------------------------------------------------------------------------------------------------------------------------------------------------------------------------------------------------------------------------------------------------------+
1 row in set (0.0014 sec)
 MySQL  localhost:3306 ssl  eva_1  SQL > alter table alumnos add basura int;
Query OK, 0 rows affected (1.4271 sec)

Records: 0  Duplicates: 0  Warnings: 0
 MySQL  localhost:3306 ssl  eva_1  SQL > show create table alumnos;
+---------+----------------------------------------------------------------------------------------------------------------------------------------------------------------------------------------------------------------------------------------------------------------------------------------------------------------------------------------------------------------------------------------------------------------+
| Table   | Create Table                                                                                                                                                                                                                                                                                                                                                                                                   |
+---------+----------------------------------------------------------------------------------------------------------------------------------------------------------------------------------------------------------------------------------------------------------------------------------------------------------------------------------------------------------------------------------------------------------------+
| alumnos | CREATE TABLE `alumnos` (
  `no_control` int(11) NOT NULL AUTO_INCREMENT,
  `nombres` varchar(50) NOT NULL,
  `apellido_pat` varchar(50) DEFAULT NULL,
  `apellido_mat` varchar(50) DEFAULT NULL,
  `RFC` varchar(13) NOT NULL,
  `fecha_nac` date NOT NULL,
  `basura` int(11) DEFAULT NULL,
  PRIMARY KEY (`no_control`)
) ENGINE=InnoDB AUTO_INCREMENT=10 DEFAULT CHARSET=utf8mb4 COLLATE=utf8mb4_0900_ai_ci |
+---------+----------------------------------------------------------------------------------------------------------------------------------------------------------------------------------------------------------------------------------------------------------------------------------------------------------------------------------------------------------------------------------------------------------------+
1 row in set (0.0015 sec)
 MySQL  localhost:3306 ssl  eva_1  SQL > insert into basura(
                                      -> ;
ERROR: 1064 (42000): You have an error in your SQL syntax; check the manual that corresponds to your MySQL server version for the right syntax to use near '' at line 1
 MySQL  localhost:3306 ssl  eva_1  SQL > alter table alumnos drop basura;
Query OK, 0 rows affected (1.3040 sec)

Records: 0  Duplicates: 0  Warnings: 0
 MySQL  localhost:3306 ssl  eva_1  SQL > show create table alumnos;
+---------+-------------------------------------------------------------------------------------------------------------------------------------------------------------------------------------------------------------------------------------------------------------------------------------------------------------------------------------------------------------------------------+
| Table   | Create Table                                                                                                                                                                                                                                                                                                                                                                  |
+---------+-------------------------------------------------------------------------------------------------------------------------------------------------------------------------------------------------------------------------------------------------------------------------------------------------------------------------------------------------------------------------------+
| alumnos | CREATE TABLE `alumnos` (
  `no_control` int(11) NOT NULL AUTO_INCREMENT,
  `nombres` varchar(50) NOT NULL,
  `apellido_pat` varchar(50) DEFAULT NULL,
  `apellido_mat` varchar(50) DEFAULT NULL,
  `RFC` varchar(13) NOT NULL,
  `fecha_nac` date NOT NULL,
  PRIMARY KEY (`no_control`)
) ENGINE=InnoDB AUTO_INCREMENT=10 DEFAULT CHARSET=utf8mb4 COLLATE=utf8mb4_0900_ai_ci |
+---------+-------------------------------------------------------------------------------------------------------------------------------------------------------------------------------------------------------------------------------------------------------------------------------------------------------------------------------------------------------------------------------+
1 row in set (0.0014 sec)
 MySQL  localhost:3306 ssl  eva_1  SQL > alter table alumnos drop no_control;
Query OK, 6 rows affected (1.5893 sec)

Records: 6  Duplicates: 0  Warnings: 0
 MySQL  localhost:3306 ssl  eva_1  SQL > show create table alumnos;
+---------+-------------------------------------------------------------------------------------------------------------------------------------------------------------------------------------------------------------------------------------------------------------------------------+
| Table   | Create Table                                                                                                                                                                                                                                                                  |
+---------+-------------------------------------------------------------------------------------------------------------------------------------------------------------------------------------------------------------------------------------------------------------------------------+
| alumnos | CREATE TABLE `alumnos` (
  `nombres` varchar(50) NOT NULL,
  `apellido_pat` varchar(50) DEFAULT NULL,
  `apellido_mat` varchar(50) DEFAULT NULL,
  `RFC` varchar(13) NOT NULL,
  `fecha_nac` date NOT NULL
) ENGINE=InnoDB DEFAULT CHARSET=utf8mb4 COLLATE=utf8mb4_0900_ai_ci |
+---------+-------------------------------------------------------------------------------------------------------------------------------------------------------------------------------------------------------------------------------------------------------------------------------+
1 row in set (0.0014 sec)
 MySQL  localhost:3306 ssl  eva_1  SQL > alter table alumnos
                                      -> add no_control int auto_increment not null key;
Query OK, 0 rows affected (1.6656 sec)

Records: 0  Duplicates: 0  Warnings: 0
 MySQL  localhost:3306 ssl  eva_1  SQL > alter table alumnos drop no_control;
Query OK, 6 rows affected (2.1372 sec)

Records: 6  Duplicates: 0  Warnings: 0
 MySQL  localhost:3306 ssl  eva_1  SQL > alter table alumnos add no_control int auto_increment not null key first ;
Query OK, 0 rows affected (2.9304 sec)

Records: 0  Duplicates: 0  Warnings: 0
 MySQL  localhost:3306 ssl  eva_1  SQL > show create table alumnos;
+---------+------------------------------------------------------------------------------------------------------------------------------------------------------------------------------------------------------------------------------------------------------------------------------------------------------------------------------------------------------------------------------+
| Table   | Create Table                                                                                                                                                                                                                                                                                                                                                                 |
+---------+------------------------------------------------------------------------------------------------------------------------------------------------------------------------------------------------------------------------------------------------------------------------------------------------------------------------------------------------------------------------------+
| alumnos | CREATE TABLE `alumnos` (
  `no_control` int(11) NOT NULL AUTO_INCREMENT,
  `nombres` varchar(50) NOT NULL,
  `apellido_pat` varchar(50) DEFAULT NULL,
  `apellido_mat` varchar(50) DEFAULT NULL,
  `RFC` varchar(13) NOT NULL,
  `fecha_nac` date NOT NULL,
  PRIMARY KEY (`no_control`)
) ENGINE=InnoDB AUTO_INCREMENT=7 DEFAULT CHARSET=utf8mb4 COLLATE=utf8mb4_0900_ai_ci |
+---------+------------------------------------------------------------------------------------------------------------------------------------------------------------------------------------------------------------------------------------------------------------------------------------------------------------------------------------------------------------------------------+
1 row in set (0.0015 sec)
 MySQL  localhost:3306 ssl  eva_1  SQL > alter table alumnos drop no_control;
Query OK, 6 rows affected (1.9888 sec)

Records: 6  Duplicates: 0  Warnings: 0
 MySQL  localhost:3306 ssl  eva_1  SQL > alter table alumnos add no_control int auto_increment not null first ;
ERROR: 1075 (42000): Incorrect table definition; there can be only one auto column and it must be defined as a key
 MySQL  localhost:3306 ssl  eva_1  SQL > alter table alumnos add no_control int not null first ;
Query OK, 0 rows affected (1.3512 sec)

Records: 0  Duplicates: 0  Warnings: 0
 MySQL  localhost:3306 ssl  eva_1  SQL > show create table alumnos;
+---------+----------------------------------------------------------------------------------------------------------------------------------------------------------------------------------------------------------------------------------------------------------------------------------------------------------------+
| Table   | Create Table                                                                                                                                                                                                                                                                                                   |
+---------+----------------------------------------------------------------------------------------------------------------------------------------------------------------------------------------------------------------------------------------------------------------------------------------------------------------+
| alumnos | CREATE TABLE `alumnos` (
  `no_control` int(11) NOT NULL,
  `nombres` varchar(50) NOT NULL,
  `apellido_pat` varchar(50) DEFAULT NULL,
  `apellido_mat` varchar(50) DEFAULT NULL,
  `RFC` varchar(13) NOT NULL,
  `fecha_nac` date NOT NULL
) ENGINE=InnoDB DEFAULT CHARSET=utf8mb4 COLLATE=utf8mb4_0900_ai_ci |
+---------+----------------------------------------------------------------------------------------------------------------------------------------------------------------------------------------------------------------------------------------------------------------------------------------------------------------+
1 row in set (0.0011 sec)
 MySQL  localhost:3306 ssl  eva_1  SQL > alter table alumnos add primary key(no_control);
ERROR: 1062 (23000): Duplicate entry '0' for key 'PRIMARY'
 MySQL  localhost:3306 ssl  eva_1  SQL > select *from alumnos
                                      -> ;
+------------+---------+--------------+--------------+-----+------------+
| no_control | nombres | apellido_pat | apellido_mat | RFC | fecha_nac  |
+------------+---------+--------------+--------------+-----+------------+
|          0 | David   | NULL         | NULL         |     | 0000-00-00 |
|          0 | PEDRO   | NULL         | NULL         |     | 0000-00-00 |
|          0 | pablo   | NULL         | NULL         |     | 0000-00-00 |
|          0 | JORGE   | NULL         | NULL         |     | 0000-00-00 |
|          0 | RAUL    | NULL         | NULL         |     | 0000-00-00 |
|          0 | RAUL    | NULL         | NULL         |     | 0000-00-00 |
+------------+---------+--------------+--------------+-----+------------+
6 rows in set (0.0017 sec)
 MySQL  localhost:3306 ssl  eva_1  SQL > delete * from alumnos where no_control=0;
ERROR: 1064 (42000): You have an error in your SQL syntax; check the manual that corresponds to your MySQL server version for the right syntax to use near '* from alumnos where no_control=0' at line 1
 MySQL  localhost:3306 ssl  eva_1  SQL > delete from alumnos where no_control=0;
Query OK, 6 rows affected (0.1631 sec)
 MySQL  localhost:3306 ssl  eva_1  SQL > alter table alumnos add primary key(no_control);
Query OK, 0 rows affected (1.2407 sec)

Records: 0  Duplicates: 0  Warnings: 0
 MySQL  localhost:3306 ssl  eva_1  SQL > alter table alumnos modify no_control auto_increment not null key;
ERROR: 1064 (42000): You have an error in your SQL syntax; check the manual that corresponds to your MySQL server version for the right syntax to use near 'auto_increment not null key' at line 1
 MySQL  localhost:3306 ssl  eva_1  SQL > alter table alumnos modify no_control int auto_increment not null key;
ERROR: 1068 (42000): Multiple primary key defined
 MySQL  localhost:3306 ssl  eva_1  SQL > alter table alumnos modify no_control int auto_increment not null;
Query OK, 0 rows affected (3.3021 sec)

Records: 0  Duplicates: 0  Warnings: 0
 MySQL  localhost:3306 ssl  eva_1  SQL > show create table alumnos;
+---------+-------------------------------------------------------------------------------------------------------------------------------------------------------------------------------------------------------------------------------------------------------------------------------------------------------------------------------------------------------------+
| Table   | Create Table                                                                                                                                                                                                                                                                                                                                                |
+---------+-------------------------------------------------------------------------------------------------------------------------------------------------------------------------------------------------------------------------------------------------------------------------------------------------------------------------------------------------------------+
| alumnos | CREATE TABLE `alumnos` (
  `no_control` int(11) NOT NULL AUTO_INCREMENT,
  `nombres` varchar(50) NOT NULL,
  `apellido_pat` varchar(50) DEFAULT NULL,
  `apellido_mat` varchar(50) DEFAULT NULL,
  `RFC` varchar(13) NOT NULL,
  `fecha_nac` date NOT NULL,
  PRIMARY KEY (`no_control`)
) ENGINE=InnoDB DEFAULT CHARSET=utf8mb4 COLLATE=utf8mb4_0900_ai_ci |
+---------+-------------------------------------------------------------------------------------------------------------------------------------------------------------------------------------------------------------------------------------------------------------------------------------------------------------------------------------------------------------+
1 row in set (0.0016 sec)
 MySQL  localhost:3306 ssl  eva_1  SQL > select *from alumnos ;
Empty set (0.0015 sec)
 MySQL  localhost:3306 ssl  eva_1  SQL >