MySQL Shell 8.0.17

Copyright (c) 2016, 2019, Oracle and/or its affiliates. All rights reserved.
Oracle is a registered trademark of Oracle Corporation and/or its affiliates.
Other names may be trademarks of their respective owners.

Type '\help' or '\?' for help; '\quit' to exit.
 MySQL  JS > \sql
Switching to SQL mode... Commands end with ;
 MySQL  SQL > \connect --mc root@localhost
Creating a Classic session to 'root@localhost'
Please provide the password for 'root@localhost': ****
Save password for 'root@localhost'? [Y]es/[N]o/Ne[v]er (default No): n
Fetching schema names for autocompletion... Press ^C to stop.
Your MySQL connection id is 9
Server version: 8.0.17 MySQL Community Server - GPL
No default schema selected; type \use <schema> to set one.
 MySQL  localhost:3306 ssl  SQL > show databases
                               -> ;
+--------------------+
| Database           |
+--------------------+
| datoscoches        |
| dbclientes         |
| eva_1              |
| information_schema |
| mysql              |
| performance_schema |
| sakila             |
| sys                |
| world              |
+--------------------+
9 rows in set (0.0018 sec)
 MySQL  localhost:3306 ssl  SQL >  \use eva_1
Default schema set to `eva_1`.
Fetching table and column names from `eva_1` for auto-completion... Press ^C to stop.
 MySQL  localhost:3306 ssl  eva_1  SQL > create table clientes(
                                      -> cliente_id int not null auto_increment primary key,
                                      -> nombre varchar(50) not null);
Query OK, 0 rows affected (1.4390 sec)
 MySQL  localhost:3306 ssl  eva_1  SQL > create table ventas(
                                      -> ventas_id int not null auto_increment primary key,
                                      -> cliente_id int not null foreign key reference clientes(cliente_id)
                                      -> on delete cascade on update cascade);
ERROR: 1064 (42000): You have an error in your SQL syntax; check the manual that corresponds to your MySQL server version for the right syntax to use near 'foreign key reference clientes(cliente_id)
on delete cascade on update cascade)' at line 3
 MySQL  localhost:3306 ssl  eva_1  SQL > create table ventas( ventas_id int not null auto_increment primary key, cliente_id int not null foreign key(cliente_id) reference clientes(cliente_id) on delete cascade on update cascade);
ERROR: 1064 (42000): You have an error in your SQL syntax; check the manual that corresponds to your MySQL server version for the right syntax to use near 'foreign key(cliente_id) reference clientes(cliente_id) on delete cascade on upda' at line 1
 MySQL  localhost:3306 ssl  eva_1  SQL > create table ventas( ventas_id int not null auto_increment primary key, cliente_id int not null, foreign key(cliente_id) reference clientes(cliente_id) on delete cascade on update cascade);
ERROR: 1064 (42000): You have an error in your SQL syntax; check the manual that corresponds to your MySQL server version for the right syntax to use near 'reference clientes(cliente_id) on delete cascade on update cascade)' at line 1
 MySQL  localhost:3306 ssl  eva_1  SQL > create table ventas(ventas_id int not null auto_increment primary key, cliente_id int not null, foreign key(cliente_id) reference clientes(cliente_id) on delete cascade on update cascade);
ERROR: 1064 (42000): You have an error in your SQL syntax; check the manual that corresponds to your MySQL server version for the right syntax to use near 'reference clientes(cliente_id) on delete cascade on update cascade)' at line 1
 MySQL  localhost:3306 ssl  eva_1  SQL > create table ventas(ventas_id int not null auto_increment primary key, cliente_id int not null, foreign key(cliente_id) references clientes(cliente_id) on delete cascade on update cascade);
Query OK, 0 rows affected (1.0919 sec)
 MySQL  localhost:3306 ssl  eva_1  SQL > show create table ventas
                                      -> ;
+--------+-----------------------------------------------------------------------------------------------------------------------------------------------------------------------------------------------------------------------------------------------------------------------------------------------------------------------------------------------------------------------------+
| Table  | Create Table                                                                                                                                                                                                                                                                                                                                                                |
+--------+-----------------------------------------------------------------------------------------------------------------------------------------------------------------------------------------------------------------------------------------------------------------------------------------------------------------------------------------------------------------------------+
| ventas | CREATE TABLE `ventas` (
  `ventas_id` int(11) NOT NULL AUTO_INCREMENT,
  `cliente_id` int(11) NOT NULL,
  PRIMARY KEY (`ventas_id`),
  KEY `cliente_id` (`cliente_id`),
  CONSTRAINT `ventas_ibfk_1` FOREIGN KEY (`cliente_id`) REFERENCES `clientes` (`cliente_id`) ON DELETE CASCADE ON UPDATE CASCADE
) ENGINE=InnoDB DEFAULT CHARSET=utf8mb4 COLLATE=utf8mb4_0900_ai_ci |
+--------+-----------------------------------------------------------------------------------------------------------------------------------------------------------------------------------------------------------------------------------------------------------------------------------------------------------------------------------------------------------------------------+
1 row in set (0.0918 sec)
 MySQL  localhost:3306 ssl  eva_1  SQL > insert into ventas(cliente_id) values (5);
ERROR: 1452 (23000): Cannot add or update a child row: a foreign key constraint fails (`eva_1`.`ventas`, CONSTRAINT `ventas_ibfk_1` FOREIGN KEY (`cliente_id`) REFERENCES `clientes` (`cliente_id`) ON DELETE CASCADE ON UPDATE CASCADE)
 MySQL  localhost:3306 ssl  eva_1  SQL > insert into clientes(nombre) values ("PABLO");
Query OK, 1 row affected (0.1196 sec)
 MySQL  localhost:3306 ssl  eva_1  SQL > select * from clientes;
+------------+--------+
| cliente_id | nombre |
+------------+--------+
|          1 | PABLO  |
+------------+--------+
1 row in set (0.0009 sec)
 MySQL  localhost:3306 ssl  eva_1  SQL > insert into clientes(nombre) values ("PEDRO");
Query OK, 1 row affected (0.1891 sec)
 MySQL  localhost:3306 ssl  eva_1  SQL > select * from clientes;
+------------+--------+
| cliente_id | nombre |
+------------+--------+
|          1 | PABLO  |
|          2 | PEDRO  |
+------------+--------+
2 rows in set (0.0010 sec)
 MySQL  localhost:3306 ssl  eva_1  SQL > INSERT INTO VENTAS(cliente_id) values (1);
Query OK, 1 row affected (0.1242 sec)
 MySQL  localhost:3306 ssl  eva_1  SQL > INSERT INTO VENTAS(cliente_id) values (2);
Query OK, 1 row affected (0.1585 sec)
 MySQL  localhost:3306 ssl  eva_1  SQL > INSERT INTO VENTAS(cliente_id) values (1);
Query OK, 1 row affected (0.1297 sec)
 MySQL  localhost:3306 ssl  eva_1  SQL > INSERT INTO VENTAS(cliente_id) values (2);
Query OK, 1 row affected (0.1144 sec)
 MySQL  localhost:3306 ssl  eva_1  SQL > INSERT INTO VENTAS(cliente_id) values (1);
Query OK, 1 row affected (0.1359 sec)
 MySQL  localhost:3306 ssl  eva_1  SQL > INSERT INTO VENTAS(cliente_id) values (2);
Query OK, 1 row affected (0.1350 sec)
 MySQL  localhost:3306 ssl  eva_1  SQL > select * from ventas;
+-----------+------------+
| ventas_id | cliente_id |
+-----------+------------+
|         2 |          1 |
|         4 |          1 |
|         6 |          1 |
|         3 |          2 |
|         5 |          2 |
|         7 |          2 |
+-----------+------------+
6 rows in set (0.0011 sec)
 MySQL  localhost:3306 ssl  eva_1  SQL > select * from ventas order by ventas_id;
+-----------+------------+
| ventas_id | cliente_id |
+-----------+------------+
|         2 |          1 |
|         3 |          2 |
|         4 |          1 |
|         5 |          2 |
|         6 |          1 |
|         7 |          2 |
+-----------+------------+
6 rows in set (0.0011 sec)
 MySQL  localhost:3306 ssl  eva_1  SQL > delete from clientes where cliente_id = 2;
Query OK, 1 row affected (0.2295 sec)
 MySQL  localhost:3306 ssl  eva_1  SQL > select * from ventas order by ventas_id;
+-----------+------------+
| ventas_id | cliente_id |
+-----------+------------+
|         2 |          1 |
|         4 |          1 |
|         6 |          1 |
+-----------+------------+
3 rows in set (0.0010 sec)
 MySQL  localhost:3306 ssl  eva_1  SQL > update clientes set cliente_id = 3 where cliente_id = 1;
Query OK, 1 row affected (0.2687 sec)

Rows matched: 1  Changed: 1  Warnings: 0
 MySQL  localhost:3306 ssl  eva_1  SQL > select * from clientes;
+------------+--------+
| cliente_id | nombre |
+------------+--------+
|          3 | PABLO  |
+------------+--------+
1 row in set (0.0010 sec)
 MySQL  localhost:3306 ssl  eva_1  SQL > select * from ventas;
+-----------+------------+
| ventas_id | cliente_id |
+-----------+------------+
|         2 |          3 |
|         4 |          3 |
|         6 |          3 |
+-----------+------------+
3 rows in set (0.0011 sec)
 MySQL  localhost:3306 ssl  eva_1  SQL > create table ventas(ventas_id int not null auto_increment primary key, cliente_id int not null, foreign key(cliente_id) references clientes(cliente_id) on delete restrict on update restrict);
ERROR: 1050 (42S01): Table 'ventas' already exists
 MySQL  localhost:3306 ssl  eva_1  SQL > create table ventas2(ventas_id int not null auto_increment primary key, cliente_id int not null, foreign key(cliente_id) references clientes(cliente_id) on delete restrict on update restrict);
Query OK, 0 rows affected (1.0557 sec)
 MySQL  localhost:3306 ssl  eva_1  SQL > INSERT INTO ventas2(cliente_id) values (3);
Query OK, 1 row affected (0.1838 sec)
 MySQL  localhost:3306 ssl  eva_1  SQL > INSERT INTO ventas2(cliente_id) values (3);
Query OK, 1 row affected (0.2529 sec)
 MySQL  localhost:3306 ssl  eva_1  SQL > INSERT INTO ventas2(cliente_id) values (3);
Query OK, 1 row affected (0.1788 sec)
 MySQL  localhost:3306 ssl  eva_1  SQL > SELECT * FROM VENTAS2;
+-----------+------------+
| ventas_id | cliente_id |
+-----------+------------+
|         1 |          3 |
|         2 |          3 |
|         3 |          3 |
+-----------+------------+
3 rows in set (0.0010 sec)
 MySQL  localhost:3306 ssl  eva_1  SQL > DELETE FROM CLIENTES
                                      -> WHERE CLIENTE_ID = 3;
ERROR: 1451 (23000): Cannot delete or update a parent row: a foreign key constraint fails (`eva_1`.`ventas2`, CONSTRAINT `ventas2_ibfk_1` FOREIGN KEY (`cliente_id`) REFERENCES `clientes` (`cliente_id`) ON DELETE RESTRICT ON UPDATE RESTRICT)
 MySQL  localhost:3306 ssl  eva_1  SQL > SHOW TABLES;
+-----------------+
| Tables_in_eva_1 |
+-----------------+
| alumnos         |
| carreras        |
| clientes        |
| country         |
| materias        |
| materias2       |
| subjects        |
| ventas          |
| ventas2         |
+-----------------+
9 rows in set (0.0400 sec)
 MySQL  localhost:3306 ssl  eva_1  SQL >
 MySQL  localhost:3306 ssl  eva_1  SQL > CREATE TABLE CARRERASF(
                                      -> CARRERA_ID INT NOT NULL AUTO_INCREMENT KEY,
                                      -> NOMBRE VARCHAR(50) NOT NULL);
Query OK, 0 rows affected (0.9277 sec)
 MySQL  localhost:3306 ssl  eva_1  SQL > CREATE TABLE MATERIASF(
                                      -> MATERIA_ID INT NOT NULL AUTO_INCREMENT KEY,
                                      -> CARRERA_ID INT NOT NULL,
                                      -> FOREIGN KEY(CARRERA_ID) REFERENCES CARRERASF(CARRERA_ID) ON DELETE SE;
ERROR: 1064 (42000): You have an error in your SQL syntax; check the manual that corresponds to your MySQL server version for the right syntax to use near 'SE' at line 4
 MySQL  localhost:3306 ssl  eva_1  SQL > CREATE TABLE MATERIASF( MATERIA_ID INT NOT NULL AUTO_INCREMENT KEY, CARRERA_ID INT NOT NULL DEFAULT = "NO ASIGNADO", FOREIGN KEY(CARRERA_ID) REFERENCES CARRERASF(CARRERA_ID) ON DELETE SET DEFAULT ON UPDATE CASCADE;
ERROR: 1064 (42000): You have an error in your SQL syntax; check the manual that corresponds to your MySQL server version for the right syntax to use near '= "NO ASIGNADO", FOREIGN KEY(CARRERA_ID) REFERENCES CARRERASF(CARRERA_ID) ON DEL' at line 1
 MySQL  localhost:3306 ssl  eva_1  SQL > CREATE TABLE MATERIASF( MATERIA_ID INT NOT NULL AUTO_INCREMENT KEY, CARRERA_ID INT NOT NULL DEFAULT "NO ASIGNADO", FOREIGN KEY(CARRERA_ID) REFERENCES CARRERASF(CARRERA_ID) ON DELETE SET DEFAULT ON UPDATE CASCADE;
ERROR: 1064 (42000): You have an error in your SQL syntax; check the manual that corresponds to your MySQL server version for the right syntax to use near '' at line 1
 MySQL  localhost:3306 ssl  eva_1  SQL > CREATE TABLE MATERIASF( MATERIA_ID INT NOT NULL AUTO_INCREMENT KEY, CARRERA_ID INT NOT NULL DEFAULT 'NO ASIGNADO', FOREIGN KEY(CARRERA_ID) REFERENCES CARRERASF(CARRERA_ID) ON DELETE SET DEFAULT ON UPDATE CASCADE;
ERROR: 1064 (42000): You have an error in your SQL syntax; check the manual that corresponds to your MySQL server version for the right syntax to use near '' at line 1
 MySQL  localhost:3306 ssl  eva_1  SQL >